# legacy_kinds architecture ratchet baseline (bahia-irsry.8).
# Pre-existing violations only: entries may shrink, never grow.
# Regenerate with: make arch-baseline
# Format: <count>\t<key>
1	internal/adapters/nostr/catalog.go kinds.ActionResult
1	internal/adapters/nostr/catalog.go kinds.ActionStatus
1	internal/adapters/nostr/catalog.go kinds.AdoptionImportRequest
1	internal/adapters/nostr/catalog.go kinds.AdoptionImportResult
1	internal/adapters/nostr/catalog.go kinds.AdoptionScanRequest
1	internal/adapters/nostr/catalog.go kinds.AdoptionScanResult
1	internal/adapters/nostr/catalog.go kinds.AdoptionStatus
1	internal/adapters/nostr/catalog.go kinds.ArtifactRegister
1	internal/adapters/nostr/catalog.go kinds.DeployRequest
1	internal/adapters/nostr/catalog.go kinds.DeploymentApproval
1	internal/adapters/nostr/catalog.go kinds.DeploymentResult
1	internal/adapters/nostr/catalog.go kinds.DeploymentStatus
1	internal/adapters/nostr/catalog.go kinds.DriftRemediate
1	internal/adapters/nostr/catalog.go kinds.EnvironmentCreate
1	internal/adapters/nostr/catalog.go kinds.EnvironmentCreateResult
1	internal/adapters/nostr/catalog.go kinds.EnvironmentDelete
1	internal/adapters/nostr/catalog.go kinds.EnvironmentUpdate
1	internal/adapters/nostr/catalog.go kinds.LLMDeployRequest
1	internal/adapters/nostr/catalog.go kinds.LLMDeploymentApproval
1	internal/adapters/nostr/catalog.go kinds.LLMDeploymentResult
1	internal/adapters/nostr/catalog.go kinds.LLMDeploymentStatus
1	internal/adapters/nostr/catalog.go kinds.LLMReleaseRegister
1	internal/adapters/nostr/catalog.go kinds.LLMReleaseRegisterResult
1	internal/adapters/nostr/catalog.go kinds.LLMRollbackRequest
1	internal/adapters/nostr/catalog.go kinds.LLMRouteCreate
1	internal/adapters/nostr/catalog.go kinds.LLMRouteCreateResult
1	internal/adapters/nostr/catalog.go kinds.ObservationResult
1	internal/adapters/nostr/catalog.go kinds.ObservationSubmit
1	internal/adapters/nostr/catalog.go kinds.PackageDriftDetect
1	internal/adapters/nostr/catalog.go kinds.PackageDriftEvent
1	internal/adapters/nostr/catalog.go kinds.PackagePromotionRequest
1	internal/adapters/nostr/catalog.go kinds.PackagePublishIntent
1	internal/adapters/nostr/catalog.go kinds.PackageRepositoryApply
1	internal/adapters/nostr/catalog.go kinds.PackageRepositoryDelete
1	internal/adapters/nostr/catalog.go kinds.PackageResult
1	internal/adapters/nostr/catalog.go kinds.PackageStatus
1	internal/adapters/nostr/catalog.go kinds.PackageYankRequest
1	internal/adapters/nostr/catalog.go kinds.PolicyCreate
1	internal/adapters/nostr/catalog.go kinds.PolicyDelete
1	internal/adapters/nostr/catalog.go kinds.PolicyEvaluate
1	internal/adapters/nostr/catalog.go kinds.PolicyUpdate
1	internal/adapters/nostr/catalog.go kinds.RemediationResult
1	internal/adapters/nostr/catalog.go kinds.RollbackRequest
1	internal/adapters/nostr/catalog.go kinds.ServiceAction
1	internal/adapters/nostr/catalog.go kinds.ServiceCreate
1	internal/adapters/nostr/catalog.go kinds.ServiceCreateResult
1	internal/adapters/nostr/catalog.go kinds.ServiceDelete
1	internal/adapters/nostr/catalog.go kinds.ServiceStatus
1	internal/adapters/nostr/catalog.go kinds.ServiceUpdate
1	internal/adapters/nostr/catalog.go kinds.ToolApprovalRequest
1	internal/adapters/nostr/catalog.go kinds.ToolApprovalResponse
1	internal/adapters/nostr/catalog.go kinds.ToolProvisionRequest
1	internal/adapters/nostr/catalog.go kinds.ToolProvisionResult
1	internal/adapters/nostr/catalog.go kinds.ToolProvisionStatus
1	internal/adapters/nostr/catalog.go kinds.WorkerCleanupRequest
1	internal/adapters/nostr/catalog.go kinds.WorkerCordonRequest
1	internal/adapters/nostr/catalog.go kinds.WorkerDrainRequest
1	internal/adapters/nostr/catalog.go kinds.WorkerLabelsUpdate
1	internal/adapters/nostr/catalog.go kinds.WorkerMaintenanceEnter
1	internal/adapters/nostr/catalog.go kinds.WorkerMaintenanceExit
1	internal/adapters/nostr/catalog.go kinds.WorkerPolicyApplyRequest
1	internal/adapters/nostr/catalog.go kinds.WorkerResult
1	internal/adapters/nostr/catalog.go kinds.WorkerStatus
1	internal/adapters/nostr/catalog.go kinds.WorkerUncordonRequest
1	internal/adapters/nostr/catalog.go kinds.WorkerUndrainRequest
1	internal/adapters/nostr/catalog.go kinds.WorkloadPinRequest
5	internal/adapters/nostr/projector.go nostr.KindDNSBackendState
5	internal/adapters/nostr/projector.go nostr.KindDNSEndpointState
5	internal/adapters/nostr/projector.go nostr.KindDNSPolicyState
5	internal/adapters/nostr/projector.go nostr.KindDNSZoneState
1	internal/adapters/nostr/publisher.go kinds.AdoptionAudit
1	internal/adapters/nostr/publisher.go kinds.ArtifactRegistered
1	internal/adapters/nostr/publisher.go kinds.BuildRegistered
1	internal/adapters/nostr/publisher.go kinds.DNSBackendState
1	internal/adapters/nostr/publisher.go kinds.DNSDriftDetectedAudit
1	internal/adapters/nostr/publisher.go kinds.DNSEndpointDeregisteredAudit
1	internal/adapters/nostr/publisher.go kinds.DNSEndpointRegisteredAudit
1	internal/adapters/nostr/publisher.go kinds.DNSEndpointState
1	internal/adapters/nostr/publisher.go kinds.DNSPolicyState
1	internal/adapters/nostr/publisher.go kinds.DNSRecordChangedAudit
1	internal/adapters/nostr/publisher.go kinds.DNSZoneState
1	internal/adapters/nostr/publisher.go kinds.DNSZoneSyncedAudit
1	internal/adapters/nostr/publisher.go kinds.DeploymentApprovalAudit
1	internal/adapters/nostr/publisher.go kinds.DeploymentComplete
1	internal/adapters/nostr/publisher.go kinds.DeploymentCreated
1	internal/adapters/nostr/publisher.go kinds.DeploymentRunAudit
1	internal/adapters/nostr/publisher.go kinds.DriftDetected
1	internal/adapters/nostr/publisher.go kinds.EnvironmentRegistryAudit
1	internal/adapters/nostr/publisher.go kinds.LLMDeploymentAudit
1	internal/adapters/nostr/publisher.go kinds.LLMGatewayAudit
1	internal/adapters/nostr/publisher.go kinds.LLMReleaseRegisteredAudit
1	internal/adapters/nostr/publisher.go kinds.LLMRouteRegistryAudit
1	internal/adapters/nostr/publisher.go kinds.LLMRouteStateAudit
1	internal/adapters/nostr/publisher.go kinds.LLMRunAudit
1	internal/adapters/nostr/publisher.go kinds.Observation
1	internal/adapters/nostr/publisher.go kinds.ReconcileAudit
1	internal/adapters/nostr/publisher.go kinds.RuntimeActionAudit
1	internal/adapters/nostr/publisher.go kinds.ServiceRegistryAudit
1	internal/adapters/nostr/publisher.go kinds.StateChangedAudit
1	internal/adapters/nostr/subscriber.go literal 31100
1	internal/adapters/nostr/subscriber.go literal 5941
1	internal/adapters/nostr/subscriber.go literal 5999
1	internal/adapters/nostr/subscriber.go literal 6961
1	internal/adapters/nostr/subscriber.go literal 7961
1	internal/adapters/sbom/index.go sbom.KindLegacySBOMIndex
2	internal/controlplane/backup_contextvm_handlers.go controlplane.KindBackupObservation
2	internal/controlplane/backup_contextvm_handlers.go controlplane.KindBackupRestoreStatus
5	internal/controlplane/backup_contextvm_handlers.go controlplane.KindBackupRunStatus
1	internal/controlplane/backup_contextvm_handlers.go controlplane.KindBackupVerificationStatus
1	internal/controlplane/backup_kinds.go kinds.BackupObservation
1	internal/controlplane/backup_kinds.go kinds.BackupRestoreStatus
1	internal/controlplane/backup_kinds.go kinds.BackupRunStatus
1	internal/controlplane/backup_kinds.go kinds.BackupVerificationStatus
1	internal/controlplane/backup_restore_responder.go controlplane.KindBackupRestoreStatus
1	internal/controlplane/backup_retention_responder.go controlplane.KindBackupObservation
1	internal/controlplane/backup_run_responder.go controlplane.KindBackupRunStatus
1	internal/controlplane/dns_handlers.go controlplane.KindDNSBackendRegisterRequest
1	internal/controlplane/dns_handlers.go controlplane.KindDNSBackendRegisterResult
1	internal/controlplane/dns_handlers.go controlplane.KindDNSDriftRemediateRequest
2	internal/controlplane/dns_handlers.go controlplane.KindDNSDriftRemediateResult
1	internal/controlplane/dns_handlers.go controlplane.KindDNSOperationStatus
1	internal/controlplane/dns_handlers.go controlplane.KindDNSOverrideRetireRequest
2	internal/controlplane/dns_handlers.go controlplane.KindDNSOverrideRetireResult
2	internal/controlplane/dns_handlers.go controlplane.KindDNSPolicyApplyRequest
2	internal/controlplane/dns_handlers.go controlplane.KindDNSPolicyApplyResult
1	internal/controlplane/dns_handlers.go controlplane.KindDNSRecordOverrideRequest
2	internal/controlplane/dns_handlers.go controlplane.KindDNSRecordOverrideResult
1	internal/controlplane/dns_handlers.go controlplane.KindDNSZoneCreateRequest
2	internal/controlplane/dns_handlers.go controlplane.KindDNSZoneCreateResult
1	internal/controlplane/dns_kinds.go kinds.DNSBackendRegisterRequest
1	internal/controlplane/dns_kinds.go kinds.DNSBackendRegisterResult
1	internal/controlplane/dns_kinds.go kinds.DNSDriftRemediateRequest
1	internal/controlplane/dns_kinds.go kinds.DNSDriftRemediateResult
1	internal/controlplane/dns_kinds.go kinds.DNSOperationStatus
1	internal/controlplane/dns_kinds.go kinds.DNSOverrideRetireRequest
1	internal/controlplane/dns_kinds.go kinds.DNSOverrideRetireResult
1	internal/controlplane/dns_kinds.go kinds.DNSPolicyApplyRequest
1	internal/controlplane/dns_kinds.go kinds.DNSPolicyApplyResult
1	internal/controlplane/dns_kinds.go kinds.DNSRecordOverrideRequest
1	internal/controlplane/dns_kinds.go kinds.DNSRecordOverrideResult
1	internal/controlplane/dns_kinds.go kinds.DNSZoneCreateRequest
1	internal/controlplane/dns_kinds.go kinds.DNSZoneCreateResult
7	internal/controlplane/operator_actions.go controlplane.KindAdoptionImportResult
5	internal/controlplane/operator_actions.go controlplane.KindAdoptionScanResult
1	internal/controlplane/package_handlers.go controlplane.KindPackageDriftEvent
1	internal/controlplane/package_handlers.go controlplane.KindPackageResult
1	internal/controlplane/package_handlers.go controlplane.KindPackageStatus
2	internal/controlplane/reactor.go controlplane.KindArtifactRegister
1	internal/controlplane/reactor.go kinds.ArtifactRegister
1	internal/controlplane/reactor.go literal 31100
1	internal/controlplane/reactor.go literal 5941
1	internal/controlplane/reactor.go literal 5999
1	internal/controlplane/reactor.go literal 6961
1	internal/controlplane/reactor.go literal 7961
1	internal/controlplane/reactor.go nostr.KindControlPlaneActionResult
1	internal/controlplane/reactor.go nostr.KindControlPlaneActionStatus
1	internal/controlplane/reactor.go nostr.KindControlPlaneAdoptionImportRequest
1	internal/controlplane/reactor.go nostr.KindControlPlaneAdoptionImportResult
1	internal/controlplane/reactor.go nostr.KindControlPlaneAdoptionScanRequest
1	internal/controlplane/reactor.go nostr.KindControlPlaneAdoptionScanResult
1	internal/controlplane/reactor.go nostr.KindControlPlaneAdoptionStatus
1	internal/controlplane/reactor.go nostr.KindControlPlaneArtifactRegister
1	internal/controlplane/reactor.go nostr.KindControlPlaneDeployRequest
1	internal/controlplane/reactor.go nostr.KindControlPlaneDeploymentApproval
1	internal/controlplane/reactor.go nostr.KindControlPlaneDeploymentResult
1	internal/controlplane/reactor.go nostr.KindControlPlaneDeploymentStatus
1	internal/controlplane/reactor.go nostr.KindControlPlaneDriftRemediate
1	internal/controlplane/reactor.go nostr.KindControlPlaneEnvironmentCreate
1	internal/controlplane/reactor.go nostr.KindControlPlaneEnvironmentCreateResult
1	internal/controlplane/reactor.go nostr.KindControlPlaneEnvironmentDelete
1	internal/controlplane/reactor.go nostr.KindControlPlaneEnvironmentUpdate
1	internal/controlplane/reactor.go nostr.KindControlPlaneLLMDeployRequest
1	internal/controlplane/reactor.go nostr.KindControlPlaneLLMDeploymentApproval
1	internal/controlplane/reactor.go nostr.KindControlPlaneLLMDeploymentResult
1	internal/controlplane/reactor.go nostr.KindControlPlaneLLMDeploymentStatus
1	internal/controlplane/reactor.go nostr.KindControlPlaneLLMReleaseRegister
1	internal/controlplane/reactor.go nostr.KindControlPlaneLLMReleaseRegisterResult
1	internal/controlplane/reactor.go nostr.KindControlPlaneLLMRollbackRequest
1	internal/controlplane/reactor.go nostr.KindControlPlaneLLMRouteCreate
1	internal/controlplane/reactor.go nostr.KindControlPlaneLLMRouteCreateResult
1	internal/controlplane/reactor.go nostr.KindControlPlaneObservationResult
1	internal/controlplane/reactor.go nostr.KindControlPlaneObservationSubmit
1	internal/controlplane/reactor.go nostr.KindControlPlanePackageDriftDetect
1	internal/controlplane/reactor.go nostr.KindControlPlanePackageDriftEvent
1	internal/controlplane/reactor.go nostr.KindControlPlanePackagePromotionRequest
1	internal/controlplane/reactor.go nostr.KindControlPlanePackagePublishIntent
1	internal/controlplane/reactor.go nostr.KindControlPlanePackageRepositoryApply
1	internal/controlplane/reactor.go nostr.KindControlPlanePackageRepositoryDelete
1	internal/controlplane/reactor.go nostr.KindControlPlanePackageResult
1	internal/controlplane/reactor.go nostr.KindControlPlanePackageStatus
1	internal/controlplane/reactor.go nostr.KindControlPlanePackageYankRequest
1	internal/controlplane/reactor.go nostr.KindControlPlanePolicyCreate
1	internal/controlplane/reactor.go nostr.KindControlPlanePolicyDelete
1	internal/controlplane/reactor.go nostr.KindControlPlanePolicyEvaluate
1	internal/controlplane/reactor.go nostr.KindControlPlanePolicyUpdate
1	internal/controlplane/reactor.go nostr.KindControlPlaneRemediationResult
1	internal/controlplane/reactor.go nostr.KindControlPlaneRollbackRequest
1	internal/controlplane/reactor.go nostr.KindControlPlaneServiceAction
1	internal/controlplane/reactor.go nostr.KindControlPlaneServiceCreate
1	internal/controlplane/reactor.go nostr.KindControlPlaneServiceCreateResult
1	internal/controlplane/reactor.go nostr.KindControlPlaneServiceDelete
1	internal/controlplane/reactor.go nostr.KindControlPlaneServiceStatus
1	internal/controlplane/reactor.go nostr.KindControlPlaneServiceUpdate
1	internal/controlplane/reactor.go nostr.KindControlPlaneToolApprovalRequest
1	internal/controlplane/reactor.go nostr.KindControlPlaneToolApprovalResponse
1	internal/controlplane/reactor.go nostr.KindControlPlaneToolProvisionRequest
1	internal/controlplane/reactor.go nostr.KindControlPlaneToolProvisionResult
1	internal/controlplane/reactor.go nostr.KindControlPlaneToolProvisionStatus
1	internal/controlplane/reactor.go nostr.KindControlPlaneWorkerCleanupRequest
1	internal/controlplane/reactor.go nostr.KindControlPlaneWorkerCordonRequest
1	internal/controlplane/reactor.go nostr.KindControlPlaneWorkerDrainRequest
1	internal/controlplane/reactor.go nostr.KindControlPlaneWorkerLabelsUpdate
1	internal/controlplane/reactor.go nostr.KindControlPlaneWorkerMaintenanceEnter
1	internal/controlplane/reactor.go nostr.KindControlPlaneWorkerMaintenanceExit
1	internal/controlplane/reactor.go nostr.KindControlPlaneWorkerPolicyApplyRequest
1	internal/controlplane/reactor.go nostr.KindControlPlaneWorkerResult
1	internal/controlplane/reactor.go nostr.KindControlPlaneWorkerStatus
1	internal/controlplane/reactor.go nostr.KindControlPlaneWorkerUncordonRequest
1	internal/controlplane/reactor.go nostr.KindControlPlaneWorkerUndrainRequest
1	internal/controlplane/reactor.go nostr.KindControlPlaneWorkloadPinRequest
2	internal/controlplane/worker_handlers.go controlplane.KindWorkerResult
1	internal/controlplane/worker_handlers.go controlplane.KindWorkerStatus
2	internal/domain/soul.go domain.KindProvisioningResult
2	internal/domain/soul.go domain.KindSoulActionLegacyResult
1	internal/domain/soul.go literal 5950
1	internal/domain/soul.go literal 6950
1	internal/domain/soul.go literal 7950
1	internal/kinds/policy.go kinds.AdoptionImportRequest
1	internal/kinds/policy.go kinds.AdoptionScanRequest
1	internal/kinds/policy.go kinds.ArtifactRegister
2	internal/kinds/policy.go kinds.DNSBackendRegisterRequest
2	internal/kinds/policy.go kinds.DNSDriftRemediateRequest
2	internal/kinds/policy.go kinds.DNSPolicyApplyRequest
2	internal/kinds/policy.go kinds.DNSRecordOverrideRequest
2	internal/kinds/policy.go kinds.DNSZoneCreateRequest
1	internal/kinds/policy.go kinds.DeployRequest
1	internal/kinds/policy.go kinds.DeploymentApproval
1	internal/kinds/policy.go kinds.DriftRemediate
1	internal/kinds/policy.go kinds.EnvironmentCreate
1	internal/kinds/policy.go kinds.EnvironmentDelete
1	internal/kinds/policy.go kinds.EnvironmentUpdate
1	internal/kinds/policy.go kinds.LLMDeployRequest
1	internal/kinds/policy.go kinds.LLMDeploymentApproval
1	internal/kinds/policy.go kinds.LLMReleaseRegister
1	internal/kinds/policy.go kinds.LLMRollbackRequest
1	internal/kinds/policy.go kinds.LLMRouteCreate
1	internal/kinds/policy.go kinds.ObservationSubmit
1	internal/kinds/policy.go kinds.PackageDriftDetect
1	internal/kinds/policy.go kinds.PackagePromotionRequest
1	internal/kinds/policy.go kinds.PackagePublishIntent
1	internal/kinds/policy.go kinds.PackageRepositoryApply
1	internal/kinds/policy.go kinds.PackageRepositoryDelete
1	internal/kinds/policy.go kinds.PackageYankRequest
1	internal/kinds/policy.go kinds.PolicyCreate
1	internal/kinds/policy.go kinds.PolicyDelete
1	internal/kinds/policy.go kinds.PolicyEvaluate
1	internal/kinds/policy.go kinds.PolicyUpdate
1	internal/kinds/policy.go kinds.RollbackRequest
1	internal/kinds/policy.go kinds.ServiceAction
1	internal/kinds/policy.go kinds.ServiceCreate
1	internal/kinds/policy.go kinds.ServiceDelete
1	internal/kinds/policy.go kinds.ServiceUpdate
1	internal/kinds/policy.go kinds.SoulFactoryActionLegacyResult
1	internal/kinds/policy.go kinds.SoulFactoryProvisioningRequest
1	internal/kinds/policy.go kinds.SoulFactoryProvisioningResult
1	internal/kinds/policy.go kinds.SoulFactoryProvisioningStatus
1	internal/kinds/policy.go kinds.ToolApprovalRequest
1	internal/kinds/policy.go kinds.ToolProvisionRequest
1	internal/kinds/policy.go kinds.WorkerCleanupRequest
1	internal/kinds/policy.go kinds.WorkerCordonRequest
1	internal/kinds/policy.go kinds.WorkerDrainRequest
1	internal/kinds/policy.go kinds.WorkerLabelsUpdate
1	internal/kinds/policy.go kinds.WorkerMaintenanceEnter
1	internal/kinds/policy.go kinds.WorkerMaintenanceExit
1	internal/kinds/policy.go kinds.WorkerPolicyApplyRequest
1	internal/kinds/policy.go kinds.WorkerUncordonRequest
1	internal/kinds/policy.go kinds.WorkerUndrainRequest
1	internal/kinds/policy.go kinds.WorkloadPinRequest
2	internal/mcp/backup_command_publisher.go controlplane.KindBackupObservation
2	internal/mcp/backup_command_publisher.go controlplane.KindBackupRestoreStatus
5	internal/mcp/backup_command_publisher.go controlplane.KindBackupRunStatus
1	internal/mcp/backup_command_publisher.go controlplane.KindBackupVerificationStatus
1	internal/mcp/backup_tools.go controlplane.KindBackupObservation
1	internal/mcp/backup_tools.go controlplane.KindBackupRestoreStatus
1	internal/mcp/backup_tools.go controlplane.KindBackupRunStatus
1	internal/mcp/backup_tools.go controlplane.KindBackupVerificationStatus
1	internal/soulfactory/contextvm_handlers.go domain.KindProvisioningRequest
3	internal/soulfactory/event_codec.go domain.KindProvisioningResult
2	internal/soulfactory/event_codec.go domain.KindProvisioningStatus
1	internal/soulfactory/event_codec.go domain.KindSoulActionLegacyResult
1	internal/soulfactory/governed_provisioning_production.go kinds.SoulFactoryProvisioningRequest
1	internal/soulfactory/governed_provisioning_production.go kinds.SoulFactoryProvisioningResult
1	internal/soulfactory/lifecycle_handler.go domain.KindProvisioningResult
1	internal/soulfactory/lifecycle_handler.go domain.KindSoulActionLegacyResult
2	internal/soulfactory/memory_config.go domain.KindProvisioningStatus
2	internal/soulfactory/nostr_client.go domain.KindProvisioningRequest
4	internal/soulfactory/nostr_client.go domain.KindProvisioningResult
4	internal/soulfactory/nostr_client.go domain.KindProvisioningStatus
1	internal/soulfactory/nostr_client.go domain.KindSoulActionLegacyResult
1	internal/soulfactory/operator_assistant_bootstrap.go controlplane.KindDeployRequest
1	internal/soulfactory/operator_assistant_bootstrap.go controlplane.KindLLMDeployRequest
1	internal/soulfactory/operator_assistant_bootstrap.go controlplane.KindLLMDeploymentApproval
1	internal/soulfactory/operator_assistant_bootstrap.go controlplane.KindLLMRollbackRequest
1	internal/soulfactory/operator_assistant_bootstrap.go controlplane.KindRollbackRequest
1	internal/soulfactory/provisioner_full.go domain.KindProvisioningRequest
1	internal/soulfactory/provisioning_resolution.go domain.KindProvisioningRequest
2	internal/soulfactory/provisioning_resolution.go domain.KindProvisioningResult
3	internal/soulfactory/reactor.go domain.KindProvisioningRequest
1	internal/soulfactory/reactor.go domain.KindProvisioningResult
1	internal/soulfactory/runtime_validation.go domain.KindProvisioningRequest
2	internal/soulfactory/runtime_validation.go domain.KindProvisioningResult
