# poll_tickers architecture ratchet baseline.
# Pre-existing violations only: entries may shrink, never grow.
# Regenerate with: make arch-baseline
# Format: <count>\t<key>
1	internal/reconcile/execution_plane.go time.NewTicker
1	internal/reconcile/reconciler.go time.NewTicker
1	internal/service/backup_restore_coordinator.go time.NewTicker
1	internal/service/backup_retention_coordinator.go time.NewTicker
1	internal/service/backup_run_coordinator.go time.NewTicker
1	internal/service/failover_trigger_engine.go time.NewTicker
1	internal/service/llm_provisioning_coordinator.go time.NewTicker
1	internal/service/managed_instance_supervisor.go time.NewTicker
2	internal/service/ml_inference_provisioning_coordinator.go time.NewTicker
2	internal/service/ml_recipe_coordinator.go time.NewTicker
1	internal/service/security_scheduler.go time.NewTicker
1	internal/service/tool_provisioning_coordinator.go time.NewTicker
