# unwired_exports architecture ratchet baseline (bahia-irsry.8).
# Pre-existing violations only: entries may shrink, never grow.
# Regenerate with: make arch-baseline
# Format: <count>\t<key>
1	internal/adapters/agentmemory.Client.GetAgentContext
1	internal/adapters/alerting.NewDispatcher
1	internal/adapters/backup.WithKopiaFileParallelism
1	internal/adapters/backup.WithKopiaParallelism
1	internal/adapters/backup.WithPgStagingDir
1	internal/adapters/backup.WithQdrantStagingDir
1	internal/adapters/blossom.AllowDirectAvatarPreviewURLs
1	internal/adapters/blossom.Client.ResolveAvatarRef
1	internal/adapters/blossom.WithAllowedAvatarPreviewOrigins
1	internal/adapters/blossom.WithMaxAvatarPreviewBytes
1	internal/adapters/cashu.NewWallet
1	internal/adapters/cashu.Wallet.CreateMintQuote
1	internal/adapters/cashu.Wallet.CreatePaymentToken
1	internal/adapters/cashu.Wallet.EstimateCost
1	internal/adapters/cashu.Wallet.GetAllBalances
1	internal/adapters/cashu.Wallet.GetBalance
1	internal/adapters/cashu.Wallet.GetConfiguredMints
1	internal/adapters/cashu.Wallet.Initialize
1	internal/adapters/cashu.Wallet.ReceiveToken
1	internal/adapters/dns.NewFilesystemBackendWithActivator
1	internal/adapters/gitea.NewMemoryInitiationStore
1	internal/adapters/llm.AvatarGenerator.GenerateAsync
1	internal/adapters/llm.AvatarGenerator.GenerateDefault
1	internal/adapters/llm.AvatarGenerator.ProviderNames
1	internal/adapters/llm.AvatarGenerator.RegisterProvider
1	internal/adapters/llm.AvatarProviderFal
1	internal/adapters/llm.AvatarProviderReplicate
1	internal/adapters/llm.AvatarStylePresetByID
1	internal/adapters/llm.IsContextTooLarge
1	internal/adapters/llm.WithHTTPClient
1	internal/adapters/llm.WithRuntimeFactory
1	internal/adapters/nostr.DecodeBahiaIdentity
1	internal/adapters/nostr.DecodeReadinessStatus
1	internal/adapters/nostr.DecodeReplayCheckpoint
1	internal/adapters/nostr.EncodeBahiaIdentity
1	internal/adapters/nostr.EncodeContinuityProfileEvent
1	internal/adapters/nostr.EncodeFailoverPolicyEvent
1	internal/adapters/nostr.EncodeFailoverRequestEvent
1	internal/adapters/nostr.EncodeHeartbeatObservationEvent
1	internal/adapters/nostr.EncodeReadinessStatus
1	internal/adapters/nostr.EncodeRecoveryRequestEvent
1	internal/adapters/nostr.EncodeRecoveryWorkflowEvent
1	internal/adapters/nostr.EncodeReplayCheckpoint
1	internal/adapters/nostr.EncodeReplicationPolicyEvent
1	internal/adapters/nostr.EncodeStandbyNodeDefinitionEvent
1	internal/adapters/nostr.KindAssistantPromptRequest
1	internal/adapters/nostr.KindCatalog.KindsForTier
1	internal/adapters/nostr.KindCatalog.LiveGroups
1	internal/adapters/nostr.KindCatalog.SnapshotGroups
1	internal/adapters/nostr.KindSystemDiscovery
1	internal/adapters/nostr.NewProcessor
1	internal/adapters/nostr.Projector.ProjectionMetrics
1	internal/adapters/nostr.Projector.PublishAgentRuntimeRelease
1	internal/adapters/nostr.Projector.PublishAgentServiceReleaseBinding
1	internal/adapters/nostr.PublishResult.IsAuthRequired
1	internal/adapters/nostr.PublishResult.IsBlocked
1	internal/adapters/nostr.Publisher.Pool
1	internal/adapters/nostr.RelayHealth.AvgLatency
1	internal/adapters/nostr.RelayHealth.P95Latency
1	internal/adapters/nostr.RelayHealth.SetConnected
1	internal/adapters/nostr.RelayHealth.SuccessRate
1	internal/adapters/nostr.RelayHealthTracker.AllStats
1	internal/adapters/nostr.RelayHealthTracker.HealthyCount
1	internal/adapters/nostr.RelayHealthTracker.TotalCount
1	internal/adapters/nostr.RelayHealthTracker.UnhealthyRelays
1	internal/adapters/nostr.RelayPool.GetMaxSubscriptions
1	internal/adapters/nostr.RelayPool.IsAuthRequired
1	internal/adapters/nostr.RelayPool.ReconfigureRelayURLs
1	internal/adapters/nostr.Subscriber.IsCaughtUp
1	internal/adapters/nostr.WithAuthorizedAuthors
1	internal/adapters/nostr.WithKinds
1	internal/adapters/nostr.WithProjectorRepairInterval
1	internal/adapters/qdrant.Client.CollectionExists
1	internal/adapters/qdrant.Client.DeleteCollection
1	internal/adapters/qdrant.Client.Search
1	internal/adapters/qdrant.Client.UpsertPoints
1	internal/adapters/registry.InspectorForImage
1	internal/adapters/registry.NewDockerHubAuth
1	internal/adapters/registry.NewGHCRAuth
1	internal/adapters/registry.NewVerifier
1	internal/adapters/registry.WithHTTPClient
1	internal/adapters/runtime.CompareDrift
1	internal/adapters/runtime.ComposeRenderer.RenderEnvironmentPlan
1	internal/adapters/runtime.ComposeStagingManager.StageAndValidate
1	internal/adapters/runtime.ConfigRuntimeResolver.ResolveDesiredStateApplier
1	internal/adapters/runtime.InspectAndNormalizeCompose
1	internal/adapters/runtime.InspectAndNormalizeDocker
1	internal/adapters/runtime.IsComposeOwnershipError
1	internal/adapters/runtime.MustRuntime
1	internal/adapters/runtime.NewComposeDesiredStateApplierWithRunner
1	internal/adapters/runtime.NewComposeRuntime
1	internal/adapters/runtime.NewComposeRuntimeWithEndpoint
1	internal/adapters/runtime.NewObserver
1	internal/adapters/runtime.NormalizeKubernetesPod
1	internal/adapters/runtime.OwnershipUnknown
1	internal/adapters/runtime.ParseLogLines
1	internal/adapters/runtime.ShouldPullImage
1	internal/adapters/sbom.BuildIndexEntry
1	internal/adapters/sbom.FilterForArtifactSBOMs
1	internal/adapters/sbom.FilterForAttestations
1	internal/adapters/sbom.IndexPublisher.PublishAttestation
1	internal/adapters/sbom.IndexPublisher.PublishIndex
1	internal/adapters/sbom.NewIndexPublisher
1	internal/adapters/sbom.SerializeAttestation
1	internal/adapters/sbom.StorageResolver.ResolveAndVerify
1	internal/adapters/secrets.Encryptor.ReEncryptForWorker
1	internal/adapters/security.WithOSVBackoff
1	internal/adapters/security.WithOSVBaseURL
1	internal/adapters/security.WithOSVMaxBatchSize
1	internal/adapters/security.WithOSVMaxRetries
1	internal/adapters/signet.Client.GetAgentStatus
1	internal/adapters/signet.Client.IsMockMode
1	internal/adapters/signet.Client.ListAgents
1	internal/adapters/signet.Client.ListCachedAgents
1	internal/adapters/signet.Client.SignNIP98
1	internal/adapters/signet.ConnectionManager.Changes
1	internal/adapters/telemetry.EndVirtualizationOperation
1	internal/adapters/telemetry.Metrics.RecordCashuPayment
1	internal/adapters/telemetry.Metrics.RecordDeployment
1	internal/adapters/telemetry.Metrics.RecordLoomJob
1	internal/adapters/telemetry.Metrics.RecordNostrBackoff
1	internal/adapters/telemetry.Metrics.RecordNostrEOSE
1	internal/adapters/telemetry.Metrics.RecordNostrPublishFailed
1	internal/adapters/telemetry.Metrics.RecordNostrPublishOK
1	internal/adapters/telemetry.Metrics.RecordNostrPublished
1	internal/adapters/telemetry.Metrics.RecordNostrReceived
1	internal/adapters/telemetry.Metrics.RecordNostrReconnect
1	internal/adapters/telemetry.Metrics.SetCashuWalletBalance
1	internal/adapters/telemetry.Metrics.SetFleetHealthEntities
1	internal/adapters/telemetry.Metrics.SetLoomJobsInflight
1	internal/adapters/telemetry.Metrics.SetWorkersActive
1	internal/adapters/telemetry.Metrics.SetWorkersTotal
1	internal/adapters/telemetry.Provider.LoggerProvider
1	internal/adapters/telemetry.VirtualizationEvidence
1	internal/api/handlers.LLMHandler.RegisterHost
1	internal/api/handlers.NewLogHandler
1	internal/api/handlers.TenantHandler.AcceptInvite
1	internal/api/middleware.ParseStatusBucket
1	internal/api/middleware.RequireOperator
1	internal/api/middleware.RequireRole
1	internal/api/router.New
1	internal/app.HealthProvider.Liveness
1	internal/app.ModePolicy.RouteEnabled
1	internal/auth.Middleware
1	internal/auth.NIP05Resolver.CacheSize
1	internal/auth.NIP05Resolver.LookupByIdentifier
1	internal/auth.NIP05Resolver.SetCached
1	internal/auth.NIP98Validator.SeenCount
1	internal/auth.SystemPrincipal
1	internal/backends/factory.BuildBackend
1	internal/backends/filesystem_mock.New
1	internal/backends/packagebackend.Requester.Secret
1	internal/config.Config.PackageBackend
1	internal/config.Config.Redacted
1	internal/config.NostrConfig.RelayAuthUnavailableSemantics
1	internal/controlplane.ContextVMMethodToolsCall
1	internal/controlplane.EncryptedRequestTransport.HandleContextVMEvent
1	internal/controlplane.EncryptedRequestTransport.HandleEvent
1	internal/controlplane.EncryptedResponder.DecryptRequestContent
1	internal/controlplane.EncryptedResponder.PublishEncryptedResult
1	internal/controlplane.KindActionResult
1	internal/controlplane.KindActionStatus
1	internal/controlplane.KindAdoptionImportRequest
1	internal/controlplane.KindAdoptionScanRequest
1	internal/controlplane.KindAdoptionStatus
1	internal/controlplane.KindDeploymentApproval
1	internal/controlplane.KindDeploymentResult
1	internal/controlplane.KindDeploymentStatus
1	internal/controlplane.KindDriftRemediate
1	internal/controlplane.KindEncryptedRequest
1	internal/controlplane.KindEnvCreateResult
1	internal/controlplane.KindEnvironmentCreate
1	internal/controlplane.KindEnvironmentDelete
1	internal/controlplane.KindEnvironmentUpdate
1	internal/controlplane.KindLLMDeploymentResult
1	internal/controlplane.KindLLMDeploymentStatus
1	internal/controlplane.KindLLMReleaseRegister
1	internal/controlplane.KindLLMReleaseRegisterResult
1	internal/controlplane.KindLLMRouteCreate
1	internal/controlplane.KindLLMRouteCreateResult
1	internal/controlplane.KindMLDatasetRegistry
1	internal/controlplane.KindMLEvaluationExperimentState
1	internal/controlplane.KindMLInferenceEndpointRegistry
1	internal/controlplane.KindMLModelImportRequest
1	internal/controlplane.KindMLModelRegistry
1	internal/controlplane.KindMLModelVersionRegistry
1	internal/controlplane.KindMLRecipeRegistry
1	internal/controlplane.KindMLRecipeRunRequest
1	internal/controlplane.KindMLRecipeRunState
1	internal/controlplane.KindMLRuntimeCapabilityProfile
1	internal/controlplane.KindObservationResult
1	internal/controlplane.KindObservationSubmit
1	internal/controlplane.KindPackageDriftDetect
1	internal/controlplane.KindPackagePromotionRequest
1	internal/controlplane.KindPackagePublishIntent
1	internal/controlplane.KindPackageRepositoryApply
1	internal/controlplane.KindPackageRepositoryDelete
1	internal/controlplane.KindPackageYankRequest
1	internal/controlplane.KindPolicyCreate
1	internal/controlplane.KindPolicyDelete
1	internal/controlplane.KindPolicyEvaluate
1	internal/controlplane.KindPolicyUpdate
1	internal/controlplane.KindRemediationResult
1	internal/controlplane.KindServiceAction
1	internal/controlplane.KindServiceCreate
1	internal/controlplane.KindServiceCreateResult
1	internal/controlplane.KindServiceDelete
1	internal/controlplane.KindServiceStatus
1	internal/controlplane.KindServiceUpdate
1	internal/controlplane.KindToolApprovalRequest
1	internal/controlplane.KindToolApprovalResponse
1	internal/controlplane.KindToolProvisionRequest
1	internal/controlplane.KindToolProvisionResult
1	internal/controlplane.KindToolProvisionStatus
1	internal/controlplane.KindWorkerCleanupRequest
1	internal/controlplane.KindWorkerCordonRequest
1	internal/controlplane.KindWorkerDrainRequest
1	internal/controlplane.KindWorkerLabelsUpdate
1	internal/controlplane.KindWorkerMaintenanceEnter
1	internal/controlplane.KindWorkerMaintenanceExit
1	internal/controlplane.KindWorkerPolicyApplyRequest
1	internal/controlplane.KindWorkerUncordonRequest
1	internal/controlplane.KindWorkerUndrainRequest
1	internal/controlplane.KindWorkloadPinRequest
1	internal/controlplane.MaintenanceCommandPublisher.PublishPurge
1	internal/controlplane.ReadinessTracker.IsReady
1	internal/controlplane.RelaySettingsHydrator.IsCaughtUp
1	internal/controlplane.TrustSet.RoleFor
1	internal/controlplane.WithBackupDefinitionRegistry
1	internal/controlplane.WithBackupRepositoryProbeExecutor
1	internal/controlplane.WithBackupVerificationExecutor
1	internal/controlplane.WithContextVMResultRetry
1	internal/controlplane.WithControlPlanePublisher
1	internal/controlplane.WithEventPublisher
1	internal/controlplane.WithKindCatalog
1	internal/controlplane.WithMLInferenceExecutor
1	internal/controlplane.WorkerCommandPublisher.PublishWorkerPolicyApplyRequest
1	internal/controlplane.WorkerCommandPublisher.PublishWorkloadPinRequest
1	internal/dnsagent/engine.ParseZoneFile
1	internal/docs.Service.ReadWithLinks
1	internal/docs.Service.ResolveMarkdownLink
1	internal/domain.AllRouteCanaryPerspectives
1	internal/domain.AllRouteCanaryTransitions
1	internal/domain.ArtifactSBOM.HasCriticalVulnerabilities
1	internal/domain.AssistantAgentLoopStateRunning
1	internal/domain.DesktopVMPilotPolicy
1	internal/domain.HygieneClassOrphanClone
1	internal/domain.IntentStatusSuperseded
1	internal/domain.MergeBudgetLimits
1	internal/domain.PackageArtifactStatusPending
1	internal/domain.PaymentStatusFailed
1	internal/domain.PaymentStatusRefunded
1	internal/domain.PowerThermalStateNormal
1	internal/domain.RecordRestartAttempt
1	internal/domain.RuleTyposquatCheck
1	internal/domain.SecurityBreachNotificationDispatched
1	internal/domain.SigningPolicy.AllowsType
1	internal/domain.SigningPolicy.TrustsSigner
1	internal/domain.ValidateServiceContinuityProfile
1	internal/kinds.BackupRequestKinds
1	internal/kinds.DNSReadModelKinds
1	internal/kinds.DNSRequestKinds
1	internal/kinds.DNSResultKinds
1	internal/kinds.IsBahiaProjectionKind
1	internal/kinds.IsReadableKind
1	internal/kinds.IsRequestKind
1	internal/mcp.AssistantToolRegistry.AgentMCPTools
1	internal/mcp.AssistantToolRegistry.All
1	internal/mcp.DocsResourceCatalog
1	internal/mcp.NewServer
1	internal/mcp.Server.AssistantToolRegistry
1	internal/nostrmigration.ConstantJustification
1	internal/notifications.Dispatcher.RetryFailed
1	internal/reconcile.NewRemediator
1	internal/reconcile.PersistentVMReconciler.AcceptObservation
1	internal/reconcile.Remediator.GetAttempts
1	internal/reconcile.Remediator.OnDriftDetected
1	internal/reconcile.Remediator.OnHealthFailure
1	internal/reconcile.Remediator.ResetState
1	internal/reconcile.WithRemediationIntentHistory
1	internal/reconcile.WithStartingTimeout
1	internal/relaysidecar.Server.Relay
1	internal/repository.BackupCheckpointExecuting
1	internal/repository.PgOCIRepository.CreateUpload
1	internal/repository.PgOCIRepository.DeleteUpload
1	internal/repository.PgOCIRepository.GetUpload
1	internal/repository.PgOCIRepository.MarkUploadFailed
1	internal/repository.PgOCIRepository.UpdateUploadOffset
1	internal/repository.RelayPolicyProjectionShouldReplace
1	internal/repository/repositorytest.NewInMemoryNostrEventRepository
1	internal/rollout.NewExecutor
1	internal/service.AgentRuntimePromotionService.HandleRepositoryStateTrigger
1	internal/service.Assess
1	internal/service.BackupPlacementService.ValidatePlacement
1	internal/service.BackupSchedulerService.PauseSchedule
1	internal/service.BackupSchedulerService.ResumeSchedule
1	internal/service.BackupSchedulerService.SetScheduleEnabled
1	internal/service.ContinuityGraph.AssessAll
1	internal/service.ContinuityGraph.AssessService
1	internal/service.ContinuityGraph.SimulateFailure
1	internal/service.JobStatsTracker.GetAllStats
1	internal/service.JobStatsTracker.RecordJobCompletion
1	internal/service.LLMParityReport.OK
1	internal/service.LLMProvisioningCoordinator.ProcessOnce
1	internal/service.LLMRegistryService.ListRouteStates
1	internal/service.MLProvenanceService.RegisterArtifactRef
1	internal/service.MLProvenanceService.ValidateModelVersionArtifactMirrors
1	internal/service.MLRecipeCoordinator.ResumeRecipeRun
1	internal/service.MLRegistryService.BackfillLLMCompatibility
1	internal/service.MLRegistryService.CheckLLMCompatibilityParity
1	internal/service.MustBackupBackendResolver
1	internal/service.NewBackupPlacementService
1	internal/service.NewBudgetPolicyService
1	internal/service.NewContinuityDNSCutoverService
1	internal/service.NewContinuityGraph
1	internal/service.NewDefaultMLArtifactResolverSet
1	internal/service.NewInMemoryPowerAwareOrchestrator
1	internal/service.NewJobStatsTracker
1	internal/service.NewMLInferenceProvisioningCoordinator
1	internal/service.NewMLProvenanceService
1	internal/service.NewMLRecipeCoordinator
1	internal/service.NewRKNNServerProvisioner
1	internal/service.NewUsageLedgerService
1	internal/service.PackageRKNNArtifact
1	internal/service.ParseAssistantHookDocument
1	internal/service.ParseAssistantSkill
1	internal/service.PaymentService.MarkPaymentSent
1	internal/service.PaymentService.RecordChange
1	internal/service.PaymentService.RecordPayment
1	internal/service.PersistentVMService.Checkpoint
1	internal/service.PersistentVMService.GracefulStop
1	internal/service.PersistentVMService.PlanOperation
1	internal/service.PersistentVMService.RegisterCheckpoint
1	internal/service.PersistentVMService.RegisterCloneTarget
1	internal/service.RecordRKNNConversionProvenance
1	internal/service.RouteCanarySupervisor.EvaluateOnce
1	internal/service.StaticBackupBackendResolver.Kinds
1	internal/service.UsageLedgerService.CorrectUsage
1	internal/service.UsageLedgerService.QueryRecords
1	internal/service.UsageLedgerService.RecordUsage
1	internal/service.UsageLedgerService.UsageForAgent
1	internal/service.ValidateONNXArtifact
1	internal/service.WithAttestationProvider
1	internal/service.WithBackupRestoreCoordinatorConfig
1	internal/service.WithBackupRestoreHealthCheck
1	internal/service.WithBackupRetentionCoordinatorConfig
1	internal/service.WithBackupRetentionHealthCheck
1	internal/service.WithBackupRunCoordinatorConfig
1	internal/service.WithBackupRunHealthCheck
1	internal/service.WithBackupSchedulerClock
1	internal/service.WithContinuityDNSAdapter
1	internal/service.WithContinuityHeartbeatWaiter
1	internal/service.WithContinuityRecipeActionHandler
1	internal/service.WithContinuityRuntimeAdapter
1	internal/service.WithContinuityStorageAdapter
1	internal/service.WithContinuityWakeAdapter
1	internal/service.WithMLInferenceProvisioningConfig
1	internal/service.WithMLInferenceProvisioningGateway
1	internal/service.WithMLInferenceProvisioningResponder
1	internal/service.WithMLRecipeCoordinatorConfig
1	internal/service.WithMLRecipeResponder
1	internal/service.WithSBOMAsyncResultObserver
1	internal/service.WithSBOMAsyncRunnerQueueDepth
1	internal/service.WithTrustedGenerators
1	internal/service.WorkerPolicyService.SetJobStatsTracker
1	internal/soulfactory.BuildFleetConfigEvent
1	internal/soulfactory.BuildMemoryStatusRuntimeParams
1	internal/soulfactory.BuildPersonaPreviewRuntimeParams
1	internal/soulfactory.BuildSoulDraftEvent
1	internal/soulfactory.FullProvisioner.RotateConcordCommunity
1	internal/soulfactory.GenerateSystemPrompt
1	internal/soulfactory.GovernedProvisioner.Retry
1	internal/soulfactory.MergeSoulDraftContent
1	internal/soulfactory.NewAgentManagementInvariantReporter
1	internal/soulfactory.NewMCPServer
1	internal/soulfactory.NewMetiqRuntimeAdapter
1	internal/soulfactory.NewOpenClawReadinessVerifier
1	internal/soulfactory.NewOpenClawRuntimeAdapter
1	internal/soulfactory.NewStatusSyncHandler
1	internal/soulfactory.NostrClient.WithExpectedFactoryPubkey
1	internal/soulfactory.OrderedSteps
1	internal/soulfactory.StatusSyncHandler.HandleEvent
1	internal/soulfactory.StatusSyncHandler.RegisterSoul
1	internal/soulfactory.VoiceProviderRegistry.SetCacheTTL
1	internal/soulfactory.WithProvisioningEngine
1	internal/soulfactory/saga.PurgeExpired
1	internal/workflow.WithDeploymentLoomClient
